<?xml version="1.0" encoding="UTF-8"?>
<TestRun id="6c9b3030-13aa-4ea4-944f-6f441931b9ea" name="xlshe@XLSHE-PC 2012-02-22 01:12:54" runUser="xlshe-PC\xlshe" xmlns="http://microsoft.com/schemas/VisualStudio/TeamTest/2010">
  <TestSettings name="Default Test Settings" id="5975a5b7-c9ef-4132-ab9d-e6c527a9973f">
    <Deployment runDeploymentRoot="xlshe_XLSHE-PC 2012-02-22 01_12_54">
      <DeploymentItem filename="E:\study\Web-Design\asp.mvc\ccbs\ccbs\bin\ccbs.dll" />
    </Deployment>
    <Execution>
      <TestTypeSpecific />
      <AgentRule name="Execution Agents">
      </AgentRule>
    </Execution>
  </TestSettings>
  <Times creation="2012-02-22T01:12:54.5924100-06:00" queuing="2012-02-22T01:12:56.9555451-06:00" start="2012-02-22T01:12:57.0725518-06:00" finish="2012-02-22T01:13:09.9312873-06:00" />
  <ResultSummary outcome="Error">
    <Counters total="2" executed="1" error="0" failed="0" timeout="0" aborted="1" inconclusive="0" passedButRunAborted="0" notRunnable="0" notExecuted="1" disconnected="0" warning="0" passed="0" completed="0" inProgress="0" pending="0" />
    <RunInfos>
      <RunInfo computerName="XLSHE-PC" outcome="Error" timestamp="2012-02-22T01:13:09.9292872-06:00">
        <Text>Test host process exited unexpectedly.</Text>
      </RunInfo>
    </RunInfos>
  </ResultSummary>
  <TestDefinitions>
    <UnitTest name="Index" storage="e:\study\web-design\asp.mvc\ccbs\ccbs.tests\bin\debug\ccbs.tests.dll" id="682c6119-dd16-0eb7-3db0-feef9e4d63f0">
      <Execution id="d3fbf199-78b4-452b-b160-eddc78935e0b" />
      <TestMethod codeBase="E:/study/Web-Design/asp.mvc/ccbs/ccbs.Tests/bin/Debug/ccbs.Tests.DLL" adapterTypeName="Microsoft.VisualStudio.TestTools.TestTypes.Unit.UnitTestAdapter, Microsoft.VisualStudio.QualityTools.Tips.UnitTest.Adapter, Version=10.0.0.0, Culture=neutral, PublicKeyToken=b03f5f7f11d50a3a" className="ccbs.Tests.Controllers.HomeControllerTest, ccbs.Tests, Version=1.0.0.0, Culture=neutral, PublicKeyToken=null" name="Index" />
    </UnitTest>
    <UnitTest name="Activity" storage="e:\study\web-design\asp.mvc\ccbs\ccbs.tests\bin\debug\ccbs.tests.dll" id="ee2d8c0d-c695-0fbd-17ec-76e8d5a2ea34">
      <Execution id="4a7fab6f-4684-4902-bccd-4a50e7d327ff" />
      <TestMethod codeBase="E:/study/Web-Design/asp.mvc/ccbs/ccbs.Tests/bin/Debug/ccbs.Tests.DLL" adapterTypeName="Microsoft.VisualStudio.TestTools.TestTypes.Unit.UnitTestAdapter, Microsoft.VisualStudio.QualityTools.Tips.UnitTest.Adapter, Version=10.0.0.0, Culture=neutral, PublicKeyToken=b03f5f7f11d50a3a" className="ccbs.Tests.Controllers.HomeControllerTest, ccbs.Tests, Version=1.0.0.0, Culture=neutral, PublicKeyToken=null" name="Activity" />
    </UnitTest>
  </TestDefinitions>
  <TestLists>
    <TestList name="Results Not in a List" id="8c84fa94-04c1-424b-9868-57a2d4851a1d" />
    <TestList name="All Loaded Results" id="19431567-8539-422a-85d7-44ee4e166bda" />
  </TestLists>
  <TestEntries>
    <TestEntry testId="682c6119-dd16-0eb7-3db0-feef9e4d63f0" executionId="d3fbf199-78b4-452b-b160-eddc78935e0b" testListId="8c84fa94-04c1-424b-9868-57a2d4851a1d" />
    <TestEntry testId="ee2d8c0d-c695-0fbd-17ec-76e8d5a2ea34" executionId="4a7fab6f-4684-4902-bccd-4a50e7d327ff" testListId="8c84fa94-04c1-424b-9868-57a2d4851a1d" />
  </TestEntries>
  <Results>
    <UnitTestResult executionId="d3fbf199-78b4-452b-b160-eddc78935e0b" testId="682c6119-dd16-0eb7-3db0-feef9e4d63f0" testName="Index" computerName="XLSHE-PC" duration="00:00:12.8027322" startTime="2012-02-22T01:12:57.1275550-06:00" endTime="2012-02-22T01:13:09.9302872-06:00" testType="13cdc9d9-ddb5-4fa4-a97d-d965ccfc6d4b" outcome="Aborted" testListId="8c84fa94-04c1-424b-9868-57a2d4851a1d" relativeResultsDirectory="d3fbf199-78b4-452b-b160-eddc78935e0b">
    </UnitTestResult>
    <UnitTestResult executionId="4a7fab6f-4684-4902-bccd-4a50e7d327ff" testId="ee2d8c0d-c695-0fbd-17ec-76e8d5a2ea34" testName="Activity" computerName="XLSHE-PC" testType="13cdc9d9-ddb5-4fa4-a97d-d965ccfc6d4b" outcome="NotExecuted" testListId="8c84fa94-04c1-424b-9868-57a2d4851a1d" relativeResultsDirectory="4a7fab6f-4684-4902-bccd-4a50e7d327ff">
    </UnitTestResult>
  </Results>
</TestRun>