<?xml version="1.0" encoding="UTF-8"?>
<TestRun id="fba4e3d0-31d3-41e0-b01c-30f5385d64c6" name="xlshe@XLSHE-PC 2012-03-03 17:36:39" runUser="xlshe-PC\xlshe" xmlns="http://microsoft.com/schemas/VisualStudio/TeamTest/2010">
  <TestSettings name="Default Test Settings" id="f2cc0cee-f7c5-4b24-bf57-4333d546be5c">
    <Deployment runDeploymentRoot="xlshe_XLSHE-PC 2012-03-03 17_36_39">
      <DeploymentItem filename="E:\study\Web-Design\asp.mvc\ccbs\ccbs\bin\ccbs.dll" />
    </Deployment>
    <Execution>
      <TestTypeSpecific />
      <AgentRule name="Execution Agents">
      </AgentRule>
    </Execution>
  </TestSettings>
  <Times creation="2012-03-03T17:36:39.0785143-06:00" queuing="2012-03-03T17:36:41.2266372-06:00" start="2012-03-03T17:36:41.4056474-06:00" finish="2012-03-03T17:37:12.7294390-06:00" />
  <ResultSummary outcome="Error">
    <Counters total="1" executed="1" error="0" failed="0" timeout="0" aborted="1" inconclusive="0" passedButRunAborted="0" notRunnable="0" notExecuted="0" disconnected="0" warning="0" passed="0" completed="0" inProgress="0" pending="0" />
    <RunInfos>
      <RunInfo computerName="XLSHE-PC" outcome="Error" timestamp="2012-03-03T17:37:12.7284390-06:00">
        <Text>Test host process exited unexpectedly.</Text>
      </RunInfo>
    </RunInfos>
  </ResultSummary>
  <TestDefinitions>
    <UnitTest name="Index" storage="e:\study\web-design\asp.mvc\ccbs\ccbs.tests\bin\debug\ccbs.tests.dll" id="682c6119-dd16-0eb7-3db0-feef9e4d63f0">
      <Execution id="27f4ae15-91a5-4512-887f-fd284cbfc916" />
      <TestMethod codeBase="E:/study/Web-Design/asp.mvc/ccbs/ccbs.Tests/bin/Debug/ccbs.Tests.DLL" adapterTypeName="Microsoft.VisualStudio.TestTools.TestTypes.Unit.UnitTestAdapter, Microsoft.VisualStudio.QualityTools.Tips.UnitTest.Adapter, Version=10.0.0.0, Culture=neutral, PublicKeyToken=b03f5f7f11d50a3a" className="ccbs.Tests.Controllers.HomeControllerTest, ccbs.Tests, Version=1.0.0.0, Culture=neutral, PublicKeyToken=null" name="Index" />
    </UnitTest>
  </TestDefinitions>
  <TestLists>
    <TestList name="Results Not in a List" id="8c84fa94-04c1-424b-9868-57a2d4851a1d" />
    <TestList name="All Loaded Results" id="19431567-8539-422a-85d7-44ee4e166bda" />
  </TestLists>
  <TestEntries>
    <TestEntry testId="682c6119-dd16-0eb7-3db0-feef9e4d63f0" executionId="27f4ae15-91a5-4512-887f-fd284cbfc916" testListId="8c84fa94-04c1-424b-9868-57a2d4851a1d" />
  </TestEntries>
  <Results>
    <UnitTestResult executionId="27f4ae15-91a5-4512-887f-fd284cbfc916" testId="682c6119-dd16-0eb7-3db0-feef9e4d63f0" testName="Index" computerName="XLSHE-PC" duration="00:00:31.2477872" startTime="2012-03-03T17:36:41.4816518-06:00" endTime="2012-03-03T17:37:12.7294390-06:00" testType="13cdc9d9-ddb5-4fa4-a97d-d965ccfc6d4b" outcome="Aborted" testListId="8c84fa94-04c1-424b-9868-57a2d4851a1d" relativeResultsDirectory="27f4ae15-91a5-4512-887f-fd284cbfc916">
    </UnitTestResult>
  </Results>
</TestRun>